###############################################################################
#
# IAR ELF Linker V9.10.2.313/W64 for ARM                  10/Aug/2021  23:51:45
# Copyright 2007-2021 IAR Systems AB.
#
#    Output file  =
#        D:\luiza\Estudo\Utfpr\2021.1\Microcontroladores\laboratorio_04\Laboratorio_04\Exerc_20\Debug\Exe\Exerc_20.out
#    Map file     =
#        D:\luiza\Estudo\Utfpr\2021.1\Microcontroladores\laboratorio_04\Laboratorio_04\Exerc_20\Debug\List\Exerc_20.map
#    Command line =
#        -f
#        D:\luiza\Estudo\Utfpr\2021.1\Microcontroladores\laboratorio_04\Laboratorio_04\Exerc_20\Debug\Exe\Exerc_20.out.rsp
#        (D:\luiza\Estudo\Utfpr\2021.1\Microcontroladores\laboratorio_04\Laboratorio_04\Exerc_20\Debug\Obj\asm.o
#        --no_out_extension -o
#        D:\luiza\Estudo\Utfpr\2021.1\Microcontroladores\laboratorio_04\Laboratorio_04\Exerc_20\Debug\Exe\Exerc_20.out
#        --redirect _Printf=_PrintfFullNoMb --redirect _Scanf=_ScanfFullNoMb
#        --map
#        D:\luiza\Estudo\Utfpr\2021.1\Microcontroladores\laboratorio_04\Laboratorio_04\Exerc_20\Debug\List\Exerc_20.map
#        --config
#        D:\luiza\Estudo\Utfpr\2021.1\Microcontroladores\Simulador\arm\CONFIG\generic_cortex.icf
#        --semihosting --no_library_search --entry __iar_program_start --vfe
#        --text_out locale)
#
###############################################################################

*******************************************************************************
*** MESSAGES
***

Error[Li005]: no definition for "__vector_table" [referenced from D:\luiza\Estu
          do\Utfpr\2021.1\Microcontroladores\laboratorio_04\Laboratorio_04\Exer
          c_20\Debug\Obj\asm.o]


*******************************************************************************
*** PLACEMENT SUMMARY
***

"P1":  place in [from 0x0 to 0x7'ffff] { ro };

No sections matched the following patterns:

  ro section .intvec  in "A0"
  rw                  in "P2"


  Section  Kind     Address   Size  Object
  -------  ----     -------   ----  ------
"P1":                        0x1e0
  .text    ro code      0x0  0x1e0  asm.o [1]
                    - 0x1e0  0x1e0

Unused ranges:

   From        To      Size
   ----        --      ----
  0x1e0  0x7'ffff  0x7'fe20



*******************************************************************************
*** MODULE SUMMARY
***

    Module        ro code
    ------        -------
command line/config:
    ---------------------
    Total:

D:\luiza\Estudo\Utfpr\2021.1\Microcontroladores\laboratorio_04\Laboratorio_04\Exerc_20\Debug\Obj: [1]
    asm.o             480
    ---------------------
    Total:            480

-------------------------
    Grand Total:      480


*******************************************************************************
*** ENTRY LIST
***

Entry                Address  Size  Type      Object
-----                -------  ----  ----      ------
GPIOJ_Handler            0x1        Code  Gb  asm.o [1]
__iar_program_start     0x19        Code  Gb  asm.o [1]


[1] = D:\luiza\Estudo\Utfpr\2021.1\Microcontroladores\laboratorio_04\Laboratorio_04\Exerc_20\Debug\Obj

  480 bytes of readonly  code memory

Errors: 1
Warnings: none
